PASO    WARP PC          MASK INSTRUCCION                  RESULTADO
000001  W0   0x00000000  FF   GETTID R1                    -> 0x00000004 READY
        T1 R1: 0x00000000 -> 0x00000001
        T2 R1: 0x00000000 -> 0x00000002
        T3 R1: 0x00000000 -> 0x00000003
        T4 R1: 0x00000000 -> 0x00000004
        T5 R1: 0x00000000 -> 0x00000005
        T6 R1: 0x00000000 -> 0x00000006
        T7 R1: 0x00000000 -> 0x00000007
000002  W1   0x00000000  FF   GETTID R1                    -> 0x00000004 READY
        T0 R1: 0x00000000 -> 0x00000008
        T1 R1: 0x00000000 -> 0x00000009
        T2 R1: 0x00000000 -> 0x0000000A
        T3 R1: 0x00000000 -> 0x0000000B
        T4 R1: 0x00000000 -> 0x0000000C
        T5 R1: 0x00000000 -> 0x0000000D
        T6 R1: 0x00000000 -> 0x0000000E
        T7 R1: 0x00000000 -> 0x0000000F
000003  W2   0x00000000  FF   GETTID R1                    -> 0x00000004 READY
        T0 R1: 0x00000000 -> 0x00000010
        T1 R1: 0x00000000 -> 0x00000011
        T2 R1: 0x00000000 -> 0x00000012
        T3 R1: 0x00000000 -> 0x00000013
        T4 R1: 0x00000000 -> 0x00000014
        T5 R1: 0x00000000 -> 0x00000015
        T6 R1: 0x00000000 -> 0x00000016
        T7 R1: 0x00000000 -> 0x00000017
000004  W3   0x00000000  FF   GETTID R1                    -> 0x00000004 READY
        T0 R1: 0x00000000 -> 0x00000018
        T1 R1: 0x00000000 -> 0x00000019
        T2 R1: 0x00000000 -> 0x0000001A
        T3 R1: 0x00000000 -> 0x0000001B
        T4 R1: 0x00000000 -> 0x0000001C
        T5 R1: 0x00000000 -> 0x0000001D
        T6 R1: 0x00000000 -> 0x0000001E
        T7 R1: 0x00000000 -> 0x0000001F
000005  W4   0x00000000  FF   GETTID R1                    -> 0x00000004 READY
        T0 R1: 0x00000000 -> 0x00000020
        T1 R1: 0x00000000 -> 0x00000021
        T2 R1: 0x00000000 -> 0x00000022
        T3 R1: 0x00000000 -> 0x00000023
        T4 R1: 0x00000000 -> 0x00000024
        T5 R1: 0x00000000 -> 0x00000025
        T6 R1: 0x00000000 -> 0x00000026
        T7 R1: 0x00000000 -> 0x00000027
000006  W5   0x00000000  FF   GETTID R1                    -> 0x00000004 READY
        T0 R1: 0x00000000 -> 0x00000028
        T1 R1: 0x00000000 -> 0x00000029
        T2 R1: 0x00000000 -> 0x0000002A
        T3 R1: 0x00000000 -> 0x0000002B
        T4 R1: 0x00000000 -> 0x0000002C
        T5 R1: 0x00000000 -> 0x0000002D
        T6 R1: 0x00000000 -> 0x0000002E
        T7 R1: 0x00000000 -> 0x0000002F
000007  W6   0x00000000  FF   GETTID R1                    -> 0x00000004 READY
        T0 R1: 0x00000000 -> 0x00000030
        T1 R1: 0x00000000 -> 0x00000031
        T2 R1: 0x00000000 -> 0x00000032
        T3 R1: 0x00000000 -> 0x00000033
        T4 R1: 0x00000000 -> 0x00000034
        T5 R1: 0x00000000 -> 0x00000035
        T6 R1: 0x00000000 -> 0x00000036
        T7 R1: 0x00000000 -> 0x00000037
000008  W7   0x00000000  FF   GETTID R1                    -> 0x00000004 READY
        T0 R1: 0x00000000 -> 0x00000038
        T1 R1: 0x00000000 -> 0x00000039
        T2 R1: 0x00000000 -> 0x0000003A
        T3 R1: 0x00000000 -> 0x0000003B
        T4 R1: 0x00000000 -> 0x0000003C
        T5 R1: 0x00000000 -> 0x0000003D
        T6 R1: 0x00000000 -> 0x0000003E
        T7 R1: 0x00000000 -> 0x0000003F
000009  W0   0x00000004  FF   MOVI R2, 2                   -> 0x00000008 READY
        T0 R2: 0x00000000 -> 0x00000002
        T1 R2: 0x00000000 -> 0x00000002
        T2 R2: 0x00000000 -> 0x00000002
        T3 R2: 0x00000000 -> 0x00000002
        T4 R2: 0x00000000 -> 0x00000002
        T5 R2: 0x00000000 -> 0x00000002
        T6 R2: 0x00000000 -> 0x00000002
        T7 R2: 0x00000000 -> 0x00000002
000010  W1   0x00000004  FF   MOVI R2, 2                   -> 0x00000008 READY
        T0 R2: 0x00000000 -> 0x00000002
        T1 R2: 0x00000000 -> 0x00000002
        T2 R2: 0x00000000 -> 0x00000002
        T3 R2: 0x00000000 -> 0x00000002
        T4 R2: 0x00000000 -> 0x00000002
        T5 R2: 0x00000000 -> 0x00000002
        T6 R2: 0x00000000 -> 0x00000002
        T7 R2: 0x00000000 -> 0x00000002
000011  W2   0x00000004  FF   MOVI R2, 2                   -> 0x00000008 READY
        T0 R2: 0x00000000 -> 0x00000002
        T1 R2: 0x00000000 -> 0x00000002
        T2 R2: 0x00000000 -> 0x00000002
        T3 R2: 0x00000000 -> 0x00000002
        T4 R2: 0x00000000 -> 0x00000002
        T5 R2: 0x00000000 -> 0x00000002
        T6 R2: 0x00000000 -> 0x00000002
        T7 R2: 0x00000000 -> 0x00000002
000012  W3   0x00000004  FF   MOVI R2, 2                   -> 0x00000008 READY
        T0 R2: 0x00000000 -> 0x00000002
        T1 R2: 0x00000000 -> 0x00000002
        T2 R2: 0x00000000 -> 0x00000002
        T3 R2: 0x00000000 -> 0x00000002
        T4 R2: 0x00000000 -> 0x00000002
        T5 R2: 0x00000000 -> 0x00000002
        T6 R2: 0x00000000 -> 0x00000002
        T7 R2: 0x00000000 -> 0x00000002
000013  W4   0x00000004  FF   MOVI R2, 2                   -> 0x00000008 READY
        T0 R2: 0x00000000 -> 0x00000002
        T1 R2: 0x00000000 -> 0x00000002
        T2 R2: 0x00000000 -> 0x00000002
        T3 R2: 0x00000000 -> 0x00000002
        T4 R2: 0x00000000 -> 0x00000002
        T5 R2: 0x00000000 -> 0x00000002
        T6 R2: 0x00000000 -> 0x00000002
        T7 R2: 0x00000000 -> 0x00000002
000014  W5   0x00000004  FF   MOVI R2, 2                   -> 0x00000008 READY
        T0 R2: 0x00000000 -> 0x00000002
        T1 R2: 0x00000000 -> 0x00000002
        T2 R2: 0x00000000 -> 0x00000002
        T3 R2: 0x00000000 -> 0x00000002
        T4 R2: 0x00000000 -> 0x00000002
        T5 R2: 0x00000000 -> 0x00000002
        T6 R2: 0x00000000 -> 0x00000002
        T7 R2: 0x00000000 -> 0x00000002
000015  W6   0x00000004  FF   MOVI R2, 2                   -> 0x00000008 READY
        T0 R2: 0x00000000 -> 0x00000002
        T1 R2: 0x00000000 -> 0x00000002
        T2 R2: 0x00000000 -> 0x00000002
        T3 R2: 0x00000000 -> 0x00000002
        T4 R2: 0x00000000 -> 0x00000002
        T5 R2: 0x00000000 -> 0x00000002
        T6 R2: 0x00000000 -> 0x00000002
        T7 R2: 0x00000000 -> 0x00000002
000016  W7   0x00000004  FF   MOVI R2, 2                   -> 0x00000008 READY
        T0 R2: 0x00000000 -> 0x00000002
        T1 R2: 0x00000000 -> 0x00000002
        T2 R2: 0x00000000 -> 0x00000002
        T3 R2: 0x00000000 -> 0x00000002
        T4 R2: 0x00000000 -> 0x00000002
        T5 R2: 0x00000000 -> 0x00000002
        T6 R2: 0x00000000 -> 0x00000002
        T7 R2: 0x00000000 -> 0x00000002
000017  W0   0x00000008  FF   SHL R3, R1, R2               -> 0x0000000C READY
        T1 R3: 0x00000000 -> 0x00000004
        T2 R3: 0x00000000 -> 0x00000008
        T3 R3: 0x00000000 -> 0x0000000C
        T4 R3: 0x00000000 -> 0x00000010
        T5 R3: 0x00000000 -> 0x00000014
        T6 R3: 0x00000000 -> 0x00000018
        T7 R3: 0x00000000 -> 0x0000001C
000018  W1   0x00000008  FF   SHL R3, R1, R2               -> 0x0000000C READY
        T0 R3: 0x00000000 -> 0x00000020
        T1 R3: 0x00000000 -> 0x00000024
        T2 R3: 0x00000000 -> 0x00000028
        T3 R3: 0x00000000 -> 0x0000002C
        T4 R3: 0x00000000 -> 0x00000030
        T5 R3: 0x00000000 -> 0x00000034
        T6 R3: 0x00000000 -> 0x00000038
        T7 R3: 0x00000000 -> 0x0000003C
000019  W2   0x00000008  FF   SHL R3, R1, R2               -> 0x0000000C READY
        T0 R3: 0x00000000 -> 0x00000040
        T1 R3: 0x00000000 -> 0x00000044
        T2 R3: 0x00000000 -> 0x00000048
        T3 R3: 0x00000000 -> 0x0000004C
        T4 R3: 0x00000000 -> 0x00000050
        T5 R3: 0x00000000 -> 0x00000054
        T6 R3: 0x00000000 -> 0x00000058
        T7 R3: 0x00000000 -> 0x0000005C
000020  W3   0x00000008  FF   SHL R3, R1, R2               -> 0x0000000C READY
        T0 R3: 0x00000000 -> 0x00000060
        T1 R3: 0x00000000 -> 0x00000064
        T2 R3: 0x00000000 -> 0x00000068
        T3 R3: 0x00000000 -> 0x0000006C
        T4 R3: 0x00000000 -> 0x00000070
        T5 R3: 0x00000000 -> 0x00000074
        T6 R3: 0x00000000 -> 0x00000078
        T7 R3: 0x00000000 -> 0x0000007C
000021  W4   0x00000008  FF   SHL R3, R1, R2               -> 0x0000000C READY
        T0 R3: 0x00000000 -> 0x00000080
        T1 R3: 0x00000000 -> 0x00000084
        T2 R3: 0x00000000 -> 0x00000088
        T3 R3: 0x00000000 -> 0x0000008C
        T4 R3: 0x00000000 -> 0x00000090
        T5 R3: 0x00000000 -> 0x00000094
        T6 R3: 0x00000000 -> 0x00000098
        T7 R3: 0x00000000 -> 0x0000009C
000022  W5   0x00000008  FF   SHL R3, R1, R2               -> 0x0000000C READY
        T0 R3: 0x00000000 -> 0x000000A0
        T1 R3: 0x00000000 -> 0x000000A4
        T2 R3: 0x00000000 -> 0x000000A8
        T3 R3: 0x00000000 -> 0x000000AC
        T4 R3: 0x00000000 -> 0x000000B0
        T5 R3: 0x00000000 -> 0x000000B4
        T6 R3: 0x00000000 -> 0x000000B8
        T7 R3: 0x00000000 -> 0x000000BC
000023  W6   0x00000008  FF   SHL R3, R1, R2               -> 0x0000000C READY
        T0 R3: 0x00000000 -> 0x000000C0
        T1 R3: 0x00000000 -> 0x000000C4
        T2 R3: 0x00000000 -> 0x000000C8
        T3 R3: 0x00000000 -> 0x000000CC
        T4 R3: 0x00000000 -> 0x000000D0
        T5 R3: 0x00000000 -> 0x000000D4
        T6 R3: 0x00000000 -> 0x000000D8
        T7 R3: 0x00000000 -> 0x000000DC
000024  W7   0x00000008  FF   SHL R3, R1, R2               -> 0x0000000C READY
        T0 R3: 0x00000000 -> 0x000000E0
        T1 R3: 0x00000000 -> 0x000000E4
        T2 R3: 0x00000000 -> 0x000000E8
        T3 R3: 0x00000000 -> 0x000000EC
        T4 R3: 0x00000000 -> 0x000000F0
        T5 R3: 0x00000000 -> 0x000000F4
        T6 R3: 0x00000000 -> 0x000000F8
        T7 R3: 0x00000000 -> 0x000000FC
000025  W0   0x0000000C  FF   MOVI R4, 256                 -> 0x00000010 READY
        T0 R4: 0x00000000 -> 0x00000100
        T1 R4: 0x00000000 -> 0x00000100
        T2 R4: 0x00000000 -> 0x00000100
        T3 R4: 0x00000000 -> 0x00000100
        T4 R4: 0x00000000 -> 0x00000100
        T5 R4: 0x00000000 -> 0x00000100
        T6 R4: 0x00000000 -> 0x00000100
        T7 R4: 0x00000000 -> 0x00000100
000026  W1   0x0000000C  FF   MOVI R4, 256                 -> 0x00000010 READY
        T0 R4: 0x00000000 -> 0x00000100
        T1 R4: 0x00000000 -> 0x00000100
        T2 R4: 0x00000000 -> 0x00000100
        T3 R4: 0x00000000 -> 0x00000100
        T4 R4: 0x00000000 -> 0x00000100
        T5 R4: 0x00000000 -> 0x00000100
        T6 R4: 0x00000000 -> 0x00000100
        T7 R4: 0x00000000 -> 0x00000100
000027  W2   0x0000000C  FF   MOVI R4, 256                 -> 0x00000010 READY
        T0 R4: 0x00000000 -> 0x00000100
        T1 R4: 0x00000000 -> 0x00000100
        T2 R4: 0x00000000 -> 0x00000100
        T3 R4: 0x00000000 -> 0x00000100
        T4 R4: 0x00000000 -> 0x00000100
        T5 R4: 0x00000000 -> 0x00000100
        T6 R4: 0x00000000 -> 0x00000100
        T7 R4: 0x00000000 -> 0x00000100
000028  W3   0x0000000C  FF   MOVI R4, 256                 -> 0x00000010 READY
        T0 R4: 0x00000000 -> 0x00000100
        T1 R4: 0x00000000 -> 0x00000100
        T2 R4: 0x00000000 -> 0x00000100
        T3 R4: 0x00000000 -> 0x00000100
        T4 R4: 0x00000000 -> 0x00000100
        T5 R4: 0x00000000 -> 0x00000100
        T6 R4: 0x00000000 -> 0x00000100
        T7 R4: 0x00000000 -> 0x00000100
000029  W4   0x0000000C  FF   MOVI R4, 256                 -> 0x00000010 READY
        T0 R4: 0x00000000 -> 0x00000100
        T1 R4: 0x00000000 -> 0x00000100
        T2 R4: 0x00000000 -> 0x00000100
        T3 R4: 0x00000000 -> 0x00000100
        T4 R4: 0x00000000 -> 0x00000100
        T5 R4: 0x00000000 -> 0x00000100
        T6 R4: 0x00000000 -> 0x00000100
        T7 R4: 0x00000000 -> 0x00000100
000030  W5   0x0000000C  FF   MOVI R4, 256                 -> 0x00000010 READY
        T0 R4: 0x00000000 -> 0x00000100
        T1 R4: 0x00000000 -> 0x00000100
        T2 R4: 0x00000000 -> 0x00000100
        T3 R4: 0x00000000 -> 0x00000100
        T4 R4: 0x00000000 -> 0x00000100
        T5 R4: 0x00000000 -> 0x00000100
        T6 R4: 0x00000000 -> 0x00000100
        T7 R4: 0x00000000 -> 0x00000100
000031  W6   0x0000000C  FF   MOVI R4, 256                 -> 0x00000010 READY
        T0 R4: 0x00000000 -> 0x00000100
        T1 R4: 0x00000000 -> 0x00000100
        T2 R4: 0x00000000 -> 0x00000100
        T3 R4: 0x00000000 -> 0x00000100
        T4 R4: 0x00000000 -> 0x00000100
        T5 R4: 0x00000000 -> 0x00000100
        T6 R4: 0x00000000 -> 0x00000100
        T7 R4: 0x00000000 -> 0x00000100
000032  W7   0x0000000C  FF   MOVI R4, 256                 -> 0x00000010 READY
        T0 R4: 0x00000000 -> 0x00000100
        T1 R4: 0x00000000 -> 0x00000100
        T2 R4: 0x00000000 -> 0x00000100
        T3 R4: 0x00000000 -> 0x00000100
        T4 R4: 0x00000000 -> 0x00000100
        T5 R4: 0x00000000 -> 0x00000100
        T6 R4: 0x00000000 -> 0x00000100
        T7 R4: 0x00000000 -> 0x00000100
000033  W0   0x00000010  FF   ADD R4, R4, R3               -> 0x00000014 READY
        T1 R4: 0x00000100 -> 0x00000104
        T2 R4: 0x00000100 -> 0x00000108
        T3 R4: 0x00000100 -> 0x0000010C
        T4 R4: 0x00000100 -> 0x00000110
        T5 R4: 0x00000100 -> 0x00000114
        T6 R4: 0x00000100 -> 0x00000118
        T7 R4: 0x00000100 -> 0x0000011C
000034  W1   0x00000010  FF   ADD R4, R4, R3               -> 0x00000014 READY
        T0 R4: 0x00000100 -> 0x00000120
        T1 R4: 0x00000100 -> 0x00000124
        T2 R4: 0x00000100 -> 0x00000128
        T3 R4: 0x00000100 -> 0x0000012C
        T4 R4: 0x00000100 -> 0x00000130
        T5 R4: 0x00000100 -> 0x00000134
        T6 R4: 0x00000100 -> 0x00000138
        T7 R4: 0x00000100 -> 0x0000013C
000035  W2   0x00000010  FF   ADD R4, R4, R3               -> 0x00000014 READY
        T0 R4: 0x00000100 -> 0x00000140
        T1 R4: 0x00000100 -> 0x00000144
        T2 R4: 0x00000100 -> 0x00000148
        T3 R4: 0x00000100 -> 0x0000014C
        T4 R4: 0x00000100 -> 0x00000150
        T5 R4: 0x00000100 -> 0x00000154
        T6 R4: 0x00000100 -> 0x00000158
        T7 R4: 0x00000100 -> 0x0000015C
000036  W3   0x00000010  FF   ADD R4, R4, R3               -> 0x00000014 READY
        T0 R4: 0x00000100 -> 0x00000160
        T1 R4: 0x00000100 -> 0x00000164
        T2 R4: 0x00000100 -> 0x00000168
        T3 R4: 0x00000100 -> 0x0000016C
        T4 R4: 0x00000100 -> 0x00000170
        T5 R4: 0x00000100 -> 0x00000174
        T6 R4: 0x00000100 -> 0x00000178
        T7 R4: 0x00000100 -> 0x0000017C
000037  W4   0x00000010  FF   ADD R4, R4, R3               -> 0x00000014 READY
        T0 R4: 0x00000100 -> 0x00000180
        T1 R4: 0x00000100 -> 0x00000184
        T2 R4: 0x00000100 -> 0x00000188
        T3 R4: 0x00000100 -> 0x0000018C
        T4 R4: 0x00000100 -> 0x00000190
        T5 R4: 0x00000100 -> 0x00000194
        T6 R4: 0x00000100 -> 0x00000198
        T7 R4: 0x00000100 -> 0x0000019C
000038  W5   0x00000010  FF   ADD R4, R4, R3               -> 0x00000014 READY
        T0 R4: 0x00000100 -> 0x000001A0
        T1 R4: 0x00000100 -> 0x000001A4
        T2 R4: 0x00000100 -> 0x000001A8
        T3 R4: 0x00000100 -> 0x000001AC
        T4 R4: 0x00000100 -> 0x000001B0
        T5 R4: 0x00000100 -> 0x000001B4
        T6 R4: 0x00000100 -> 0x000001B8
        T7 R4: 0x00000100 -> 0x000001BC
000039  W6   0x00000010  FF   ADD R4, R4, R3               -> 0x00000014 READY
        T0 R4: 0x00000100 -> 0x000001C0
        T1 R4: 0x00000100 -> 0x000001C4
        T2 R4: 0x00000100 -> 0x000001C8
        T3 R4: 0x00000100 -> 0x000001CC
        T4 R4: 0x00000100 -> 0x000001D0
        T5 R4: 0x00000100 -> 0x000001D4
        T6 R4: 0x00000100 -> 0x000001D8
        T7 R4: 0x00000100 -> 0x000001DC
000040  W7   0x00000010  FF   ADD R4, R4, R3               -> 0x00000014 READY
        T0 R4: 0x00000100 -> 0x000001E0
        T1 R4: 0x00000100 -> 0x000001E4
        T2 R4: 0x00000100 -> 0x000001E8
        T3 R4: 0x00000100 -> 0x000001EC
        T4 R4: 0x00000100 -> 0x000001F0
        T5 R4: 0x00000100 -> 0x000001F4
        T6 R4: 0x00000100 -> 0x000001F8
        T7 R4: 0x00000100 -> 0x000001FC
000041  W0   0x00000014  FF   LOAD R5, R4, 0               -> 0x00000018 READY
        T0 READ [0x00000100] = 0x00000000
        T1 R5: 0x00000000 -> 0x00000001
        T1 READ [0x00000104] = 0x00000001
        T2 R5: 0x00000000 -> 0x00000002
        T2 READ [0x00000108] = 0x00000002
        T3 R5: 0x00000000 -> 0x00000003
        T3 READ [0x0000010C] = 0x00000003
        T4 R5: 0x00000000 -> 0x00000004
        T4 READ [0x00000110] = 0x00000004
        T5 R5: 0x00000000 -> 0x00000005
        T5 READ [0x00000114] = 0x00000005
        T6 R5: 0x00000000 -> 0x00000006
        T6 READ [0x00000118] = 0x00000006
        T7 R5: 0x00000000 -> 0x00000007
        T7 READ [0x0000011C] = 0x00000007
000042  W1   0x00000014  FF   LOAD R5, R4, 0               -> 0x00000018 READY
        T0 R5: 0x00000000 -> 0x00000008
        T0 READ [0x00000120] = 0x00000008
        T1 R5: 0x00000000 -> 0x00000009
        T1 READ [0x00000124] = 0x00000009
        T2 R5: 0x00000000 -> 0x0000000A
        T2 READ [0x00000128] = 0x0000000A
        T3 R5: 0x00000000 -> 0x0000000B
        T3 READ [0x0000012C] = 0x0000000B
        T4 R5: 0x00000000 -> 0x0000000C
        T4 READ [0x00000130] = 0x0000000C
        T5 R5: 0x00000000 -> 0x0000000D
        T5 READ [0x00000134] = 0x0000000D
        T6 R5: 0x00000000 -> 0x0000000E
        T6 READ [0x00000138] = 0x0000000E
        T7 R5: 0x00000000 -> 0x0000000F
        T7 READ [0x0000013C] = 0x0000000F
000043  W2   0x00000014  FF   LOAD R5, R4, 0               -> 0x00000018 READY
        T0 R5: 0x00000000 -> 0x00000064
        T0 READ [0x00000140] = 0x00000064
        T1 R5: 0x00000000 -> 0x00000064
        T1 READ [0x00000144] = 0x00000064
        T2 R5: 0x00000000 -> 0x00000064
        T2 READ [0x00000148] = 0x00000064
        T3 R5: 0x00000000 -> 0x00000064
        T3 READ [0x0000014C] = 0x00000064
        T4 R5: 0x00000000 -> 0x00000064
        T4 READ [0x00000150] = 0x00000064
        T5 R5: 0x00000000 -> 0x00000064
        T5 READ [0x00000154] = 0x00000064
        T6 R5: 0x00000000 -> 0x00000064
        T6 READ [0x00000158] = 0x00000064
        T7 R5: 0x00000000 -> 0x00000064
        T7 READ [0x0000015C] = 0x00000064
000044  W3   0x00000014  FF   LOAD R5, R4, 0               -> 0x00000018 READY
        T0 R5: 0x00000000 -> 0x00000064
        T0 READ [0x00000160] = 0x00000064
        T1 R5: 0x00000000 -> 0x00000064
        T1 READ [0x00000164] = 0x00000064
        T2 R5: 0x00000000 -> 0x00000064
        T2 READ [0x00000168] = 0x00000064
        T3 R5: 0x00000000 -> 0x00000064
        T3 READ [0x0000016C] = 0x00000064
        T4 R5: 0x00000000 -> 0x00000064
        T4 READ [0x00000170] = 0x00000064
        T5 R5: 0x00000000 -> 0x00000064
        T5 READ [0x00000174] = 0x00000064
        T6 R5: 0x00000000 -> 0x00000064
        T6 READ [0x00000178] = 0x00000064
        T7 R5: 0x00000000 -> 0x00000064
        T7 READ [0x0000017C] = 0x00000064
000045  W4   0x00000014  FF   LOAD R5, R4, 0               -> 0x00000018 READY
        T0 READ [0x00000180] = 0x00000000
        T1 READ [0x00000184] = 0x00000000
        T2 READ [0x00000188] = 0x00000000
        T3 READ [0x0000018C] = 0x00000000
        T4 READ [0x00000190] = 0x00000000
        T5 READ [0x00000194] = 0x00000000
        T6 READ [0x00000198] = 0x00000000
        T7 READ [0x0000019C] = 0x00000000
000046  W5   0x00000014  FF   LOAD R5, R4, 0               -> 0x00000018 READY
        T0 READ [0x000001A0] = 0x00000000
        T1 READ [0x000001A4] = 0x00000000
        T2 READ [0x000001A8] = 0x00000000
        T3 READ [0x000001AC] = 0x00000000
        T4 READ [0x000001B0] = 0x00000000
        T5 READ [0x000001B4] = 0x00000000
        T6 READ [0x000001B8] = 0x00000000
        T7 READ [0x000001BC] = 0x00000000
000047  W6   0x00000014  FF   LOAD R5, R4, 0               -> 0x00000018 READY
        T0 READ [0x000001C0] = 0x00000000
        T1 READ [0x000001C4] = 0x00000000
        T2 READ [0x000001C8] = 0x00000000
        T3 READ [0x000001CC] = 0x00000000
        T4 READ [0x000001D0] = 0x00000000
        T5 READ [0x000001D4] = 0x00000000
        T6 READ [0x000001D8] = 0x00000000
        T7 READ [0x000001DC] = 0x00000000
000048  W7   0x00000014  FF   LOAD R5, R4, 0               -> 0x00000018 READY
        T0 READ [0x000001E0] = 0x00000000
        T1 READ [0x000001E4] = 0x00000000
        T2 READ [0x000001E8] = 0x00000000
        T3 READ [0x000001EC] = 0x00000000
        T4 READ [0x000001F0] = 0x00000000
        T5 READ [0x000001F4] = 0x00000000
        T6 READ [0x000001F8] = 0x00000000
        T7 READ [0x000001FC] = 0x00000000
000049  W0   0x00000018  FF   MOVI R6, 320                 -> 0x0000001C READY
        T0 R6: 0x00000000 -> 0x00000140
        T1 R6: 0x00000000 -> 0x00000140
        T2 R6: 0x00000000 -> 0x00000140
        T3 R6: 0x00000000 -> 0x00000140
        T4 R6: 0x00000000 -> 0x00000140
        T5 R6: 0x00000000 -> 0x00000140
        T6 R6: 0x00000000 -> 0x00000140
        T7 R6: 0x00000000 -> 0x00000140
000050  W1   0x00000018  FF   MOVI R6, 320                 -> 0x0000001C READY
        T0 R6: 0x00000000 -> 0x00000140
        T1 R6: 0x00000000 -> 0x00000140
        T2 R6: 0x00000000 -> 0x00000140
        T3 R6: 0x00000000 -> 0x00000140
        T4 R6: 0x00000000 -> 0x00000140
        T5 R6: 0x00000000 -> 0x00000140
        T6 R6: 0x00000000 -> 0x00000140
        T7 R6: 0x00000000 -> 0x00000140
000051  W2   0x00000018  FF   MOVI R6, 320                 -> 0x0000001C READY
        T0 R6: 0x00000000 -> 0x00000140
        T1 R6: 0x00000000 -> 0x00000140
        T2 R6: 0x00000000 -> 0x00000140
        T3 R6: 0x00000000 -> 0x00000140
        T4 R6: 0x00000000 -> 0x00000140
        T5 R6: 0x00000000 -> 0x00000140
        T6 R6: 0x00000000 -> 0x00000140
        T7 R6: 0x00000000 -> 0x00000140
000052  W3   0x00000018  FF   MOVI R6, 320                 -> 0x0000001C READY
        T0 R6: 0x00000000 -> 0x00000140
        T1 R6: 0x00000000 -> 0x00000140
        T2 R6: 0x00000000 -> 0x00000140
        T3 R6: 0x00000000 -> 0x00000140
        T4 R6: 0x00000000 -> 0x00000140
        T5 R6: 0x00000000 -> 0x00000140
        T6 R6: 0x00000000 -> 0x00000140
        T7 R6: 0x00000000 -> 0x00000140
000053  W4   0x00000018  FF   MOVI R6, 320                 -> 0x0000001C READY
        T0 R6: 0x00000000 -> 0x00000140
        T1 R6: 0x00000000 -> 0x00000140
        T2 R6: 0x00000000 -> 0x00000140
        T3 R6: 0x00000000 -> 0x00000140
        T4 R6: 0x00000000 -> 0x00000140
        T5 R6: 0x00000000 -> 0x00000140
        T6 R6: 0x00000000 -> 0x00000140
        T7 R6: 0x00000000 -> 0x00000140
000054  W5   0x00000018  FF   MOVI R6, 320                 -> 0x0000001C READY
        T0 R6: 0x00000000 -> 0x00000140
        T1 R6: 0x00000000 -> 0x00000140
        T2 R6: 0x00000000 -> 0x00000140
        T3 R6: 0x00000000 -> 0x00000140
        T4 R6: 0x00000000 -> 0x00000140
        T5 R6: 0x00000000 -> 0x00000140
        T6 R6: 0x00000000 -> 0x00000140
        T7 R6: 0x00000000 -> 0x00000140
000055  W6   0x00000018  FF   MOVI R6, 320                 -> 0x0000001C READY
        T0 R6: 0x00000000 -> 0x00000140
        T1 R6: 0x00000000 -> 0x00000140
        T2 R6: 0x00000000 -> 0x00000140
        T3 R6: 0x00000000 -> 0x00000140
        T4 R6: 0x00000000 -> 0x00000140
        T5 R6: 0x00000000 -> 0x00000140
        T6 R6: 0x00000000 -> 0x00000140
        T7 R6: 0x00000000 -> 0x00000140
000056  W7   0x00000018  FF   MOVI R6, 320                 -> 0x0000001C READY
        T0 R6: 0x00000000 -> 0x00000140
        T1 R6: 0x00000000 -> 0x00000140
        T2 R6: 0x00000000 -> 0x00000140
        T3 R6: 0x00000000 -> 0x00000140
        T4 R6: 0x00000000 -> 0x00000140
        T5 R6: 0x00000000 -> 0x00000140
        T6 R6: 0x00000000 -> 0x00000140
        T7 R6: 0x00000000 -> 0x00000140
000057  W0   0x0000001C  FF   ADD R6, R6, R3               -> 0x00000020 READY
        T1 R6: 0x00000140 -> 0x00000144
        T2 R6: 0x00000140 -> 0x00000148
        T3 R6: 0x00000140 -> 0x0000014C
        T4 R6: 0x00000140 -> 0x00000150
        T5 R6: 0x00000140 -> 0x00000154
        T6 R6: 0x00000140 -> 0x00000158
        T7 R6: 0x00000140 -> 0x0000015C
000058  W1   0x0000001C  FF   ADD R6, R6, R3               -> 0x00000020 READY
        T0 R6: 0x00000140 -> 0x00000160
        T1 R6: 0x00000140 -> 0x00000164
        T2 R6: 0x00000140 -> 0x00000168
        T3 R6: 0x00000140 -> 0x0000016C
        T4 R6: 0x00000140 -> 0x00000170
        T5 R6: 0x00000140 -> 0x00000174
        T6 R6: 0x00000140 -> 0x00000178
        T7 R6: 0x00000140 -> 0x0000017C
000059  W2   0x0000001C  FF   ADD R6, R6, R3               -> 0x00000020 READY
        T0 R6: 0x00000140 -> 0x00000180
        T1 R6: 0x00000140 -> 0x00000184
        T2 R6: 0x00000140 -> 0x00000188
        T3 R6: 0x00000140 -> 0x0000018C
        T4 R6: 0x00000140 -> 0x00000190
        T5 R6: 0x00000140 -> 0x00000194
        T6 R6: 0x00000140 -> 0x00000198
        T7 R6: 0x00000140 -> 0x0000019C
000060  W3   0x0000001C  FF   ADD R6, R6, R3               -> 0x00000020 READY
        T0 R6: 0x00000140 -> 0x000001A0
        T1 R6: 0x00000140 -> 0x000001A4
        T2 R6: 0x00000140 -> 0x000001A8
        T3 R6: 0x00000140 -> 0x000001AC
        T4 R6: 0x00000140 -> 0x000001B0
        T5 R6: 0x00000140 -> 0x000001B4
        T6 R6: 0x00000140 -> 0x000001B8
        T7 R6: 0x00000140 -> 0x000001BC
000061  W4   0x0000001C  FF   ADD R6, R6, R3               -> 0x00000020 READY
        T0 R6: 0x00000140 -> 0x000001C0
        T1 R6: 0x00000140 -> 0x000001C4
        T2 R6: 0x00000140 -> 0x000001C8
        T3 R6: 0x00000140 -> 0x000001CC
        T4 R6: 0x00000140 -> 0x000001D0
        T5 R6: 0x00000140 -> 0x000001D4
        T6 R6: 0x00000140 -> 0x000001D8
        T7 R6: 0x00000140 -> 0x000001DC
000062  W5   0x0000001C  FF   ADD R6, R6, R3               -> 0x00000020 READY
        T0 R6: 0x00000140 -> 0x000001E0
        T1 R6: 0x00000140 -> 0x000001E4
        T2 R6: 0x00000140 -> 0x000001E8
        T3 R6: 0x00000140 -> 0x000001EC
        T4 R6: 0x00000140 -> 0x000001F0
        T5 R6: 0x00000140 -> 0x000001F4
        T6 R6: 0x00000140 -> 0x000001F8
        T7 R6: 0x00000140 -> 0x000001FC
000063  W6   0x0000001C  FF   ADD R6, R6, R3               -> 0x00000020 READY
        T0 R6: 0x00000140 -> 0x00000200
        T1 R6: 0x00000140 -> 0x00000204
        T2 R6: 0x00000140 -> 0x00000208
        T3 R6: 0x00000140 -> 0x0000020C
        T4 R6: 0x00000140 -> 0x00000210
        T5 R6: 0x00000140 -> 0x00000214
        T6 R6: 0x00000140 -> 0x00000218
        T7 R6: 0x00000140 -> 0x0000021C
000064  W7   0x0000001C  FF   ADD R6, R6, R3               -> 0x00000020 READY
        T0 R6: 0x00000140 -> 0x00000220
        T1 R6: 0x00000140 -> 0x00000224
        T2 R6: 0x00000140 -> 0x00000228
        T3 R6: 0x00000140 -> 0x0000022C
        T4 R6: 0x00000140 -> 0x00000230
        T5 R6: 0x00000140 -> 0x00000234
        T6 R6: 0x00000140 -> 0x00000238
        T7 R6: 0x00000140 -> 0x0000023C
000065  W0   0x00000020  FF   LOAD R7, R6, 0               -> 0x00000024 READY
        T0 R7: 0x00000000 -> 0x00000064
        T0 READ [0x00000140] = 0x00000064
        T1 R7: 0x00000000 -> 0x00000064
        T1 READ [0x00000144] = 0x00000064
        T2 R7: 0x00000000 -> 0x00000064
        T2 READ [0x00000148] = 0x00000064
        T3 R7: 0x00000000 -> 0x00000064
        T3 READ [0x0000014C] = 0x00000064
        T4 R7: 0x00000000 -> 0x00000064
        T4 READ [0x00000150] = 0x00000064
        T5 R7: 0x00000000 -> 0x00000064
        T5 READ [0x00000154] = 0x00000064
        T6 R7: 0x00000000 -> 0x00000064
        T6 READ [0x00000158] = 0x00000064
        T7 R7: 0x00000000 -> 0x00000064
        T7 READ [0x0000015C] = 0x00000064
000066  W1   0x00000020  FF   LOAD R7, R6, 0               -> 0x00000024 READY
        T0 R7: 0x00000000 -> 0x00000064
        T0 READ [0x00000160] = 0x00000064
        T1 R7: 0x00000000 -> 0x00000064
        T1 READ [0x00000164] = 0x00000064
        T2 R7: 0x00000000 -> 0x00000064
        T2 READ [0x00000168] = 0x00000064
        T3 R7: 0x00000000 -> 0x00000064
        T3 READ [0x0000016C] = 0x00000064
        T4 R7: 0x00000000 -> 0x00000064
        T4 READ [0x00000170] = 0x00000064
        T5 R7: 0x00000000 -> 0x00000064
        T5 READ [0x00000174] = 0x00000064
        T6 R7: 0x00000000 -> 0x00000064
        T6 READ [0x00000178] = 0x00000064
        T7 R7: 0x00000000 -> 0x00000064
        T7 READ [0x0000017C] = 0x00000064
000067  W2   0x00000020  FF   LOAD R7, R6, 0               -> 0x00000024 READY
        T0 READ [0x00000180] = 0x00000000
        T1 READ [0x00000184] = 0x00000000
        T2 READ [0x00000188] = 0x00000000
        T3 READ [0x0000018C] = 0x00000000
        T4 READ [0x00000190] = 0x00000000
        T5 READ [0x00000194] = 0x00000000
        T6 READ [0x00000198] = 0x00000000
        T7 READ [0x0000019C] = 0x00000000
000068  W3   0x00000020  FF   LOAD R7, R6, 0               -> 0x00000024 READY
        T0 READ [0x000001A0] = 0x00000000
        T1 READ [0x000001A4] = 0x00000000
        T2 READ [0x000001A8] = 0x00000000
        T3 READ [0x000001AC] = 0x00000000
        T4 READ [0x000001B0] = 0x00000000
        T5 READ [0x000001B4] = 0x00000000
        T6 READ [0x000001B8] = 0x00000000
        T7 READ [0x000001BC] = 0x00000000
000069  W4   0x00000020  FF   LOAD R7, R6, 0               -> 0x00000024 READY
        T0 READ [0x000001C0] = 0x00000000
        T1 READ [0x000001C4] = 0x00000000
        T2 READ [0x000001C8] = 0x00000000
        T3 READ [0x000001CC] = 0x00000000
        T4 READ [0x000001D0] = 0x00000000
        T5 READ [0x000001D4] = 0x00000000
        T6 READ [0x000001D8] = 0x00000000
        T7 READ [0x000001DC] = 0x00000000
000070  W5   0x00000020  FF   LOAD R7, R6, 0               -> 0x00000024 READY
        T0 READ [0x000001E0] = 0x00000000
        T1 READ [0x000001E4] = 0x00000000
        T2 READ [0x000001E8] = 0x00000000
        T3 READ [0x000001EC] = 0x00000000
        T4 READ [0x000001F0] = 0x00000000
        T5 READ [0x000001F4] = 0x00000000
        T6 READ [0x000001F8] = 0x00000000
        T7 READ [0x000001FC] = 0x00000000
000071  W6   0x00000020  FF   LOAD R7, R6, 0               -> 0x00000024 READY
        T0 READ [0x00000200] = 0x00000000
        T1 READ [0x00000204] = 0x00000000
        T2 READ [0x00000208] = 0x00000000
        T3 READ [0x0000020C] = 0x00000000
        T4 READ [0x00000210] = 0x00000000
        T5 READ [0x00000214] = 0x00000000
        T6 READ [0x00000218] = 0x00000000
        T7 READ [0x0000021C] = 0x00000000
000072  W7   0x00000020  FF   LOAD R7, R6, 0               -> 0x00000024 READY
        T0 READ [0x00000220] = 0x00000000
        T1 READ [0x00000224] = 0x00000000
        T2 READ [0x00000228] = 0x00000000
        T3 READ [0x0000022C] = 0x00000000
        T4 READ [0x00000230] = 0x00000000
        T5 READ [0x00000234] = 0x00000000
        T6 READ [0x00000238] = 0x00000000
        T7 READ [0x0000023C] = 0x00000000
000073  W0   0x00000024  FF   ADD R8, R5, R7               -> 0x00000028 READY
        T0 R8: 0x00000000 -> 0x00000064
        T1 R8: 0x00000000 -> 0x00000065
        T2 R8: 0x00000000 -> 0x00000066
        T3 R8: 0x00000000 -> 0x00000067
        T4 R8: 0x00000000 -> 0x00000068
        T5 R8: 0x00000000 -> 0x00000069
        T6 R8: 0x00000000 -> 0x0000006A
        T7 R8: 0x00000000 -> 0x0000006B
000074  W1   0x00000024  FF   ADD R8, R5, R7               -> 0x00000028 READY
        T0 R8: 0x00000000 -> 0x0000006C
        T1 R8: 0x00000000 -> 0x0000006D
        T2 R8: 0x00000000 -> 0x0000006E
        T3 R8: 0x00000000 -> 0x0000006F
        T4 R8: 0x00000000 -> 0x00000070
        T5 R8: 0x00000000 -> 0x00000071
        T6 R8: 0x00000000 -> 0x00000072
        T7 R8: 0x00000000 -> 0x00000073
000075  W2   0x00000024  FF   ADD R8, R5, R7               -> 0x00000028 READY
        T0 R8: 0x00000000 -> 0x00000064
        T1 R8: 0x00000000 -> 0x00000064
        T2 R8: 0x00000000 -> 0x00000064
        T3 R8: 0x00000000 -> 0x00000064
        T4 R8: 0x00000000 -> 0x00000064
        T5 R8: 0x00000000 -> 0x00000064
        T6 R8: 0x00000000 -> 0x00000064
        T7 R8: 0x00000000 -> 0x00000064
000076  W3   0x00000024  FF   ADD R8, R5, R7               -> 0x00000028 READY
        T0 R8: 0x00000000 -> 0x00000064
        T1 R8: 0x00000000 -> 0x00000064
        T2 R8: 0x00000000 -> 0x00000064
        T3 R8: 0x00000000 -> 0x00000064
        T4 R8: 0x00000000 -> 0x00000064
        T5 R8: 0x00000000 -> 0x00000064
        T6 R8: 0x00000000 -> 0x00000064
        T7 R8: 0x00000000 -> 0x00000064
000077  W4   0x00000024  FF   ADD R8, R5, R7               -> 0x00000028 READY
000078  W5   0x00000024  FF   ADD R8, R5, R7               -> 0x00000028 READY
000079  W6   0x00000024  FF   ADD R8, R5, R7               -> 0x00000028 READY
000080  W7   0x00000024  FF   ADD R8, R5, R7               -> 0x00000028 READY
000081  W0   0x00000028  FF   MOVI R9, 384                 -> 0x0000002C READY
        T0 R9: 0x00000000 -> 0x00000180
        T1 R9: 0x00000000 -> 0x00000180
        T2 R9: 0x00000000 -> 0x00000180
        T3 R9: 0x00000000 -> 0x00000180
        T4 R9: 0x00000000 -> 0x00000180
        T5 R9: 0x00000000 -> 0x00000180
        T6 R9: 0x00000000 -> 0x00000180
        T7 R9: 0x00000000 -> 0x00000180
000082  W1   0x00000028  FF   MOVI R9, 384                 -> 0x0000002C READY
        T0 R9: 0x00000000 -> 0x00000180
        T1 R9: 0x00000000 -> 0x00000180
        T2 R9: 0x00000000 -> 0x00000180
        T3 R9: 0x00000000 -> 0x00000180
        T4 R9: 0x00000000 -> 0x00000180
        T5 R9: 0x00000000 -> 0x00000180
        T6 R9: 0x00000000 -> 0x00000180
        T7 R9: 0x00000000 -> 0x00000180
000083  W2   0x00000028  FF   MOVI R9, 384                 -> 0x0000002C READY
        T0 R9: 0x00000000 -> 0x00000180
        T1 R9: 0x00000000 -> 0x00000180
        T2 R9: 0x00000000 -> 0x00000180
        T3 R9: 0x00000000 -> 0x00000180
        T4 R9: 0x00000000 -> 0x00000180
        T5 R9: 0x00000000 -> 0x00000180
        T6 R9: 0x00000000 -> 0x00000180
        T7 R9: 0x00000000 -> 0x00000180
000084  W3   0x00000028  FF   MOVI R9, 384                 -> 0x0000002C READY
        T0 R9: 0x00000000 -> 0x00000180
        T1 R9: 0x00000000 -> 0x00000180
        T2 R9: 0x00000000 -> 0x00000180
        T3 R9: 0x00000000 -> 0x00000180
        T4 R9: 0x00000000 -> 0x00000180
        T5 R9: 0x00000000 -> 0x00000180
        T6 R9: 0x00000000 -> 0x00000180
        T7 R9: 0x00000000 -> 0x00000180
000085  W4   0x00000028  FF   MOVI R9, 384                 -> 0x0000002C READY
        T0 R9: 0x00000000 -> 0x00000180
        T1 R9: 0x00000000 -> 0x00000180
        T2 R9: 0x00000000 -> 0x00000180
        T3 R9: 0x00000000 -> 0x00000180
        T4 R9: 0x00000000 -> 0x00000180
        T5 R9: 0x00000000 -> 0x00000180
        T6 R9: 0x00000000 -> 0x00000180
        T7 R9: 0x00000000 -> 0x00000180
000086  W5   0x00000028  FF   MOVI R9, 384                 -> 0x0000002C READY
        T0 R9: 0x00000000 -> 0x00000180
        T1 R9: 0x00000000 -> 0x00000180
        T2 R9: 0x00000000 -> 0x00000180
        T3 R9: 0x00000000 -> 0x00000180
        T4 R9: 0x00000000 -> 0x00000180
        T5 R9: 0x00000000 -> 0x00000180
        T6 R9: 0x00000000 -> 0x00000180
        T7 R9: 0x00000000 -> 0x00000180
000087  W6   0x00000028  FF   MOVI R9, 384                 -> 0x0000002C READY
        T0 R9: 0x00000000 -> 0x00000180
        T1 R9: 0x00000000 -> 0x00000180
        T2 R9: 0x00000000 -> 0x00000180
        T3 R9: 0x00000000 -> 0x00000180
        T4 R9: 0x00000000 -> 0x00000180
        T5 R9: 0x00000000 -> 0x00000180
        T6 R9: 0x00000000 -> 0x00000180
        T7 R9: 0x00000000 -> 0x00000180
000088  W7   0x00000028  FF   MOVI R9, 384                 -> 0x0000002C READY
        T0 R9: 0x00000000 -> 0x00000180
        T1 R9: 0x00000000 -> 0x00000180
        T2 R9: 0x00000000 -> 0x00000180
        T3 R9: 0x00000000 -> 0x00000180
        T4 R9: 0x00000000 -> 0x00000180
        T5 R9: 0x00000000 -> 0x00000180
        T6 R9: 0x00000000 -> 0x00000180
        T7 R9: 0x00000000 -> 0x00000180
000089  W0   0x0000002C  FF   ADD R9, R9, R3               -> 0x00000030 READY
        T1 R9: 0x00000180 -> 0x00000184
        T2 R9: 0x00000180 -> 0x00000188
        T3 R9: 0x00000180 -> 0x0000018C
        T4 R9: 0x00000180 -> 0x00000190
        T5 R9: 0x00000180 -> 0x00000194
        T6 R9: 0x00000180 -> 0x00000198
        T7 R9: 0x00000180 -> 0x0000019C
000090  W1   0x0000002C  FF   ADD R9, R9, R3               -> 0x00000030 READY
        T0 R9: 0x00000180 -> 0x000001A0
        T1 R9: 0x00000180 -> 0x000001A4
        T2 R9: 0x00000180 -> 0x000001A8
        T3 R9: 0x00000180 -> 0x000001AC
        T4 R9: 0x00000180 -> 0x000001B0
        T5 R9: 0x00000180 -> 0x000001B4
        T6 R9: 0x00000180 -> 0x000001B8
        T7 R9: 0x00000180 -> 0x000001BC
000091  W2   0x0000002C  FF   ADD R9, R9, R3               -> 0x00000030 READY
        T0 R9: 0x00000180 -> 0x000001C0
        T1 R9: 0x00000180 -> 0x000001C4
        T2 R9: 0x00000180 -> 0x000001C8
        T3 R9: 0x00000180 -> 0x000001CC
        T4 R9: 0x00000180 -> 0x000001D0
        T5 R9: 0x00000180 -> 0x000001D4
        T6 R9: 0x00000180 -> 0x000001D8
        T7 R9: 0x00000180 -> 0x000001DC
000092  W3   0x0000002C  FF   ADD R9, R9, R3               -> 0x00000030 READY
        T0 R9: 0x00000180 -> 0x000001E0
        T1 R9: 0x00000180 -> 0x000001E4
        T2 R9: 0x00000180 -> 0x000001E8
        T3 R9: 0x00000180 -> 0x000001EC
        T4 R9: 0x00000180 -> 0x000001F0
        T5 R9: 0x00000180 -> 0x000001F4
        T6 R9: 0x00000180 -> 0x000001F8
        T7 R9: 0x00000180 -> 0x000001FC
000093  W4   0x0000002C  FF   ADD R9, R9, R3               -> 0x00000030 READY
        T0 R9: 0x00000180 -> 0x00000200
        T1 R9: 0x00000180 -> 0x00000204
        T2 R9: 0x00000180 -> 0x00000208
        T3 R9: 0x00000180 -> 0x0000020C
        T4 R9: 0x00000180 -> 0x00000210
        T5 R9: 0x00000180 -> 0x00000214
        T6 R9: 0x00000180 -> 0x00000218
        T7 R9: 0x00000180 -> 0x0000021C
000094  W5   0x0000002C  FF   ADD R9, R9, R3               -> 0x00000030 READY
        T0 R9: 0x00000180 -> 0x00000220
        T1 R9: 0x00000180 -> 0x00000224
        T2 R9: 0x00000180 -> 0x00000228
        T3 R9: 0x00000180 -> 0x0000022C
        T4 R9: 0x00000180 -> 0x00000230
        T5 R9: 0x00000180 -> 0x00000234
        T6 R9: 0x00000180 -> 0x00000238
        T7 R9: 0x00000180 -> 0x0000023C
000095  W6   0x0000002C  FF   ADD R9, R9, R3               -> 0x00000030 READY
        T0 R9: 0x00000180 -> 0x00000240
        T1 R9: 0x00000180 -> 0x00000244
        T2 R9: 0x00000180 -> 0x00000248
        T3 R9: 0x00000180 -> 0x0000024C
        T4 R9: 0x00000180 -> 0x00000250
        T5 R9: 0x00000180 -> 0x00000254
        T6 R9: 0x00000180 -> 0x00000258
        T7 R9: 0x00000180 -> 0x0000025C
000096  W7   0x0000002C  FF   ADD R9, R9, R3               -> 0x00000030 READY
        T0 R9: 0x00000180 -> 0x00000260
        T1 R9: 0x00000180 -> 0x00000264
        T2 R9: 0x00000180 -> 0x00000268
        T3 R9: 0x00000180 -> 0x0000026C
        T4 R9: 0x00000180 -> 0x00000270
        T5 R9: 0x00000180 -> 0x00000274
        T6 R9: 0x00000180 -> 0x00000278
        T7 R9: 0x00000180 -> 0x0000027C
000097  W0   0x00000030  FF   STORE R8, R9, 0              -> 0x00000034 READY
        T0 WRITE [0x00000180] = 0x00000064
        T1 WRITE [0x00000184] = 0x00000065
        T2 WRITE [0x00000188] = 0x00000066
        T3 WRITE [0x0000018C] = 0x00000067
        T4 WRITE [0x00000190] = 0x00000068
        T5 WRITE [0x00000194] = 0x00000069
        T6 WRITE [0x00000198] = 0x0000006A
        T7 WRITE [0x0000019C] = 0x0000006B
000098  W1   0x00000030  FF   STORE R8, R9, 0              -> 0x00000034 READY
        T0 WRITE [0x000001A0] = 0x0000006C
        T1 WRITE [0x000001A4] = 0x0000006D
        T2 WRITE [0x000001A8] = 0x0000006E
        T3 WRITE [0x000001AC] = 0x0000006F
        T4 WRITE [0x000001B0] = 0x00000070
        T5 WRITE [0x000001B4] = 0x00000071
        T6 WRITE [0x000001B8] = 0x00000072
        T7 WRITE [0x000001BC] = 0x00000073
000099  W2   0x00000030  FF   STORE R8, R9, 0              -> 0x00000034 READY
        T0 WRITE [0x000001C0] = 0x00000064
        T1 WRITE [0x000001C4] = 0x00000064
        T2 WRITE [0x000001C8] = 0x00000064
        T3 WRITE [0x000001CC] = 0x00000064
        T4 WRITE [0x000001D0] = 0x00000064
        T5 WRITE [0x000001D4] = 0x00000064
        T6 WRITE [0x000001D8] = 0x00000064
        T7 WRITE [0x000001DC] = 0x00000064
000100  W3   0x00000030  FF   STORE R8, R9, 0              -> 0x00000034 READY
        T0 WRITE [0x000001E0] = 0x00000064
        T1 WRITE [0x000001E4] = 0x00000064
        T2 WRITE [0x000001E8] = 0x00000064
        T3 WRITE [0x000001EC] = 0x00000064
        T4 WRITE [0x000001F0] = 0x00000064
        T5 WRITE [0x000001F4] = 0x00000064
        T6 WRITE [0x000001F8] = 0x00000064
        T7 WRITE [0x000001FC] = 0x00000064
000101  W4   0x00000030  FF   STORE R8, R9, 0              -> 0x00000034 READY
        T0 WRITE [0x00000200] = 0x00000000
        T1 WRITE [0x00000204] = 0x00000000
        T2 WRITE [0x00000208] = 0x00000000
        T3 WRITE [0x0000020C] = 0x00000000
        T4 WRITE [0x00000210] = 0x00000000
        T5 WRITE [0x00000214] = 0x00000000
        T6 WRITE [0x00000218] = 0x00000000
        T7 WRITE [0x0000021C] = 0x00000000
000102  W5   0x00000030  FF   STORE R8, R9, 0              -> 0x00000034 READY
        T0 WRITE [0x00000220] = 0x00000000
        T1 WRITE [0x00000224] = 0x00000000
        T2 WRITE [0x00000228] = 0x00000000
        T3 WRITE [0x0000022C] = 0x00000000
        T4 WRITE [0x00000230] = 0x00000000
        T5 WRITE [0x00000234] = 0x00000000
        T6 WRITE [0x00000238] = 0x00000000
        T7 WRITE [0x0000023C] = 0x00000000
000103  W6   0x00000030  FF   STORE R8, R9, 0              -> 0x00000034 READY
        T0 WRITE [0x00000240] = 0x00000000
        T1 WRITE [0x00000244] = 0x00000000
        T2 WRITE [0x00000248] = 0x00000000
        T3 WRITE [0x0000024C] = 0x00000000
        T4 WRITE [0x00000250] = 0x00000000
        T5 WRITE [0x00000254] = 0x00000000
        T6 WRITE [0x00000258] = 0x00000000
        T7 WRITE [0x0000025C] = 0x00000000
000104  W7   0x00000030  FF   STORE R8, R9, 0              -> 0x00000034 READY
        T0 WRITE [0x00000260] = 0x00000000
        T1 WRITE [0x00000264] = 0x00000000
        T2 WRITE [0x00000268] = 0x00000000
        T3 WRITE [0x0000026C] = 0x00000000
        T4 WRITE [0x00000270] = 0x00000000
        T5 WRITE [0x00000274] = 0x00000000
        T6 WRITE [0x00000278] = 0x00000000
        T7 WRITE [0x0000027C] = 0x00000000
000105  W0   0x00000034  FF   HALT                         -> 0x00000038 FINISHED
000106  W1   0x00000034  FF   HALT                         -> 0x00000038 FINISHED
000107  W2   0x00000034  FF   HALT                         -> 0x00000038 FINISHED
000108  W3   0x00000034  FF   HALT                         -> 0x00000038 FINISHED
000109  W4   0x00000034  FF   HALT                         -> 0x00000038 FINISHED
000110  W5   0x00000034  FF   HALT                         -> 0x00000038 FINISHED
000111  W6   0x00000034  FF   HALT                         -> 0x00000038 FINISHED
000112  W7   0x00000034  FF   HALT                         -> 0x00000038 FINISHED
FIN: HALT; 112 instrucciones de warp
